// Jest Snapshot v1, https://goo.gl/fbAQLP

exports[`Grid should match snapshot 1`] = `
<div
  className="header"
>
  This is Header
</div>
`;

exports[`Header should match snapshot 1`] = `
<div
  className="header"
>
  This is Header
</div>
`;
